// Jest Snapshot v1, https://goo.gl/fbAQLP

exports[`NewPoll matches the snapshot 1`] = `
Object {
  "asFragment": [Function],
  "baseElement": <body>
    <div>
      <div
        class="text-center m-4 d-flex align-items-center justify-content-center"
      >
        <div
          style="width: 48rem;"
        >
          <h1>
            Would You Rather?
          </h1>
          <h3
            class="text-muted"
          >
            Create Your Own Poll
          </h3>
          <h4>
            First Option
          </h4>
          <div
            class="form-outline mb-4"
          >
            <input
              class="form-control"
              data-testid="option-one-input"
              id="optionOne"
              type="text"
              value=""
            />
            <label
              class="form-label"
              for="optionOne"
            >
              Option One
            </label>
            <div
              class="form-notch"
            >
              <div
                class="form-notch-leading"
              />
              <div
                class="form-notch-middle"
                style="width: 0px;"
              />
              <div
                class="form-notch-trailing"
              />
            </div>
          </div>
          <h4>
            Second Option
          </h4>
          <div
            class="form-outline mb-4"
          >
            <input
              class="form-control"
              data-testid="option-two-input"
              id="optionTwo"
              type="text"
              value=""
            />
            <label
              class="form-label"
              for="optionTwo"
            >
              Option Two
            </label>
            <div
              class="form-notch"
            >
              <div
                class="form-notch-leading"
              />
              <div
                class="form-notch-middle"
                style="width: 0px;"
              />
              <div
                class="form-notch-trailing"
              />
            </div>
          </div>
          <button
            class="ripple ripple-surface btn btn-primary"
            data-testid="submit-button"
            disabled=""
            role="button"
          >
            Submit
          </button>
        </div>
      </div>
    </div>
  </body>,
  "container": <div>
    <div
      class="text-center m-4 d-flex align-items-center justify-content-center"
    >
      <div
        style="width: 48rem;"
      >
        <h1>
          Would You Rather?
        </h1>
        <h3
          class="text-muted"
        >
          Create Your Own Poll
        </h3>
        <h4>
          First Option
        </h4>
        <div
          class="form-outline mb-4"
        >
          <input
            class="form-control"
            data-testid="option-one-input"
            id="optionOne"
            type="text"
            value=""
          />
          <label
            class="form-label"
            for="optionOne"
          >
            Option One
          </label>
          <div
            class="form-notch"
          >
            <div
              class="form-notch-leading"
            />
            <div
              class="form-notch-middle"
              style="width: 0px;"
            />
            <div
              class="form-notch-trailing"
            />
          </div>
        </div>
        <h4>
          Second Option
        </h4>
        <div
          class="form-outline mb-4"
        >
          <input
            class="form-control"
            data-testid="option-two-input"
            id="optionTwo"
            type="text"
            value=""
          />
          <label
            class="form-label"
            for="optionTwo"
          >
            Option Two
          </label>
          <div
            class="form-notch"
          >
            <div
              class="form-notch-leading"
            />
            <div
              class="form-notch-middle"
              style="width: 0px;"
            />
            <div
              class="form-notch-trailing"
            />
          </div>
        </div>
        <button
          class="ripple ripple-surface btn btn-primary"
          data-testid="submit-button"
          disabled=""
          role="button"
        >
          Submit
        </button>
      </div>
    </div>
  </div>,
  "debug": [Function],
  "findAllByAltText": [Function],
  "findAllByDisplayValue": [Function],
  "findAllByLabelText": [Function],
  "findAllByPlaceholderText": [Function],
  "findAllByRole": [Function],
  "findAllByTestId": [Function],
  "findAllByText": [Function],
  "findAllByTitle": [Function],
  "findByAltText": [Function],
  "findByDisplayValue": [Function],
  "findByLabelText": [Function],
  "findByPlaceholderText": [Function],
  "findByRole": [Function],
  "findByTestId": [Function],
  "findByText": [Function],
  "findByTitle": [Function],
  "getAllByAltText": [Function],
  "getAllByDisplayValue": [Function],
  "getAllByLabelText": [Function],
  "getAllByPlaceholderText": [Function],
  "getAllByRole": [Function],
  "getAllByTestId": [Function],
  "getAllByText": [Function],
  "getAllByTitle": [Function],
  "getByAltText": [Function],
  "getByDisplayValue": [Function],
  "getByLabelText": [Function],
  "getByPlaceholderText": [Function],
  "getByRole": [Function],
  "getByTestId": [Function],
  "getByText": [Function],
  "getByTitle": [Function],
  "queryAllByAltText": [Function],
  "queryAllByDisplayValue": [Function],
  "queryAllByLabelText": [Function],
  "queryAllByPlaceholderText": [Function],
  "queryAllByRole": [Function],
  "queryAllByTestId": [Function],
  "queryAllByText": [Function],
  "queryAllByTitle": [Function],
  "queryByAltText": [Function],
  "queryByDisplayValue": [Function],
  "queryByLabelText": [Function],
  "queryByPlaceholderText": [Function],
  "queryByRole": [Function],
  "queryByTestId": [Function],
  "queryByText": [Function],
  "queryByTitle": [Function],
  "rerender": [Function],
  "unmount": [Function],
}
`;
